[json5dumper.py] Class Defined. USE json5dumper.dump() / json5dumper.recall()
[json5dumper.py] save in :: dat/output.json
[json5dumper.py] Class Defined. USE json5dumper.dump() / json5dumper.recall()

[Data]
{'float1': 0.0, 'int1': 10, 'str1': 'string', 'list1': [0.0, 1.0], 'list2': ['a1', 'b2', 'c2', 3], 'arr1': array([0.  , 0.25, 0.5 , 0.75, 1.  ]), 'arr2': array([[[ 0,  1],
        [ 2,  3],
        [ 4,  5]],

       [[ 6,  7],
        [ 8,  9],
        [10, 11]],

       [[12, 13],
        [14, 15],
        [16, 17]],

       [[18, 19],
        [20, 21],
        [22, 23]],

       [[24, 25],
        [26, 27],
        [28, 29]]]), 'arr3': array([[   0,    1,    2, ...,  997,  998,  999],
       [1000, 1001, 1002, ..., 1997, 1998, 1999]]), 'dict1': {'a': 0.0, 'b': 1.0, 'c': 'ok'}}

[recalled]
{'float1': 0.0, 'int1': 10, 'str1': 'string', 'list1': [0.0, 1.0], 'list2': ['a1', 'b2', 'c2', 3], 'arr1': array([0.  , 0.25, 0.5 , 0.75, 1.  ]), 'arr2': array([[[ 0,  1],
        [ 2,  3],
        [ 4,  5]],

       [[ 6,  7],
        [ 8,  9],
        [10, 11]],

       [[12, 13],
        [14, 15],
        [16, 17]],

       [[18, 19],
        [20, 21],
        [22, 23]],

       [[24, 25],
        [26, 27],
        [28, 29]]]), 'arr3': array([[   0,    1,    2, ...,  997,  998,  999],
       [1000, 1001, 1002, ..., 1997, 1998, 1999]]), 'dict1': {'a': 0.0, 'b': 1.0, 'c': 'ok'}}

